// Jest Snapshot v1, https://goo.gl/fbAQLP

exports[`<NotificationBadge /> Snapshots should match snapshot 1`] = `
.emotion-0 {
  display: -webkit-box;
  display: -webkit-flex;
  display: -ms-flexbox;
  display: flex;
  -webkit-box-pack: center;
  -ms-flex-pack: center;
  -webkit-justify-content: center;
  justify-content: center;
  -webkit-align-items: center;
  -webkit-box-align: center;
  -ms-flex-align: center;
  align-items: center;
  width: -webkit-max-content;
  width: -moz-max-content;
  width: max-content;
  min-width: 1.5em;
  height: 1.5em;
  background-color: #b31e1e;
  color: #ffffff;
  border: none;
  border-radius: 50%;
  cursor: pointer;
  font-weight: 500;
}

<div>
  <div
    class="emotion-0"
  >
    <span />
  </div>
</div>
`;
