// Jest Snapshot v1, https://goo.gl/fbAQLP

exports[`<Menu /> Snapshots should match snapshot 1`] = `
.emotion-0 {
  padding: 0;
  background-color: transparent;
  border: none;
}

.emotion-1 {
  font-family: "Nunito",sans-serif;
  font-size: 16px;
  font-weight: 400;
  line-height: 1.5;
  width: -webkit-min-content;
  width: -moz-min-content;
  width: min-content;
  background-color: transparent;
  border: none;
  cursor: pointer;
}

<div>
  <button
    aria-expanded="false"
    aria-haspopup="menu"
    class="emotion-0"
    data-state="closed"
    id="radix-:r0:"
    type="button"
  >
    <div
      class="emotion-1"
    >
      <svg
        fill="currentColor"
        height="1em"
        stroke="currentColor"
        stroke-width="0"
        viewBox="0 0 24 24"
        width="1em"
        xmlns="http://www.w3.org/2000/svg"
      >
        <path
          d="M0 0h24v24H0z"
          fill="none"
        />
        <path
          d="M3 18h18v-2H3v2zm0-5h18v-2H3v2zm0-7v2h18V6H3z"
        />
      </svg>
    </div>
  </button>
</div>
`;
