// Jest Snapshot v1, https://goo.gl/fbAQLP

exports[`<IconButton /> Snapshots should match snapshot 1`] = `
.emotion-0 {
  color: var(--theme-ui-colors-text);
  font-family: "Nunito",sans-serif;
  font-size: 16px;
  font-weight: 400;
  line-height: 1.5;
  width: 32px;
  height: 32px;
  padding: 0;
  background-color: transparent;
  border: none;
  cursor: pointer;
}

<div>
  <button
    class="emotion-0"
    type="button"
  />
</div>
`;
