// Jest Snapshot v1, https://goo.gl/fbAQLP

exports[`<Progress /> Snapshots should match snapshot 1`] = `
.emotion-0 {
  position: relative;
  overflow: hidden;
  background-color: var(--theme-ui-colors-background);
  border-radius: 6px;
  width: 300px;
  height: 30px;
  -webkit-transform: translateZ(0);
  -moz-transform: translateZ(0);
  -ms-transform: translateZ(0);
  transform: translateZ(0);
}

.emotion-1 {
  width: 100%;
  height: 100%;
  background-color: var(--theme-ui-colors-primary);
  border: none;
  -webkit-transform: translateX(-NaN%);
  -moz-transform: translateX(-NaN%);
  -ms-transform: translateX(-NaN%);
  transform: translateX(-NaN%);
  -webkit-transition: -webkit-transform 660ms cubic-bezier(0.65, 0, 0.35, 1);
  transition: transform 660ms cubic-bezier(0.65, 0, 0.35, 1);
}

<div>
  <div
    aria-valuemax="100"
    aria-valuemin="0"
    class="emotion-0"
    data-max="100"
    data-state="indeterminate"
    role="progressbar"
  >
    <div
      class="emotion-1"
      data-max="100"
      data-state="indeterminate"
    />
  </div>
</div>
`;
